// Jest Snapshot v1, https://goo.gl/fbAQLP

exports[`renders correctly 1`] = `
<View
  style={
    Array [
      Object {
        "alignItems": "center",
        "backgroundColor": "#0a0a0a",
        "flex": 1,
        "justifyContent": "center",
      },
      Object {
        "backgroundColor": "#DEA",
      },
    ]
  }
>
  <View
    style={
      Object {
        "flex": 1,
        "justifyContent": "flex-start",
      }
    }
  >
    <Text
      accessible={true}
      allowFontScaling={true}
      ellipsizeMode="tail"
      style={
        Object {
          "color": "white",
          "fontSize": 20,
          "margin": 10,
          "textAlign": "center",
        }
      }
    >
      Welcome to Wunderkit! Bier ist gut!
    </Text>
  </View>
  <View
    style={
      Object {
        "padding": 10,
      }
    }
  >
    <Image
      source={
        Object {
          "uri": "https://c1.staticflickr.com/5/4009/4523144699_8bb453698f_m.jpg",
        }
      }
      style={
        Object {
          "height": 150,
          "resizeMode": "contain",
          "width": 150,
        }
      }
    />
  </View>
  <View
    style={
      Object {
        "flex": 1,
      }
    }
  >
    <Text
      accessible={true}
      allowFontScaling={true}
      ellipsizeMode="tail"
      style={
        Object {
          "color": "white",
          "marginBottom": 5,
          "textAlign": "center",
        }
      }
    >
      To get started, edit index.ios.js
    </Text>
    <Text
      accessible={true}
      allowFontScaling={true}
      ellipsizeMode="tail"
      style={
        Object {
          "color": "white",
          "marginBottom": 5,
          "textAlign": "center",
        }
      }
    >
      Press Cmd+R to reload,
      
      
      Cmd+D or shake for dev menu
    </Text>
  </View>
  <View
    style={
      Object {
        "flex": 1,
        "flexDirection": "row",
      }
    }
  >
    <View
      accessibilityComponentType={undefined}
      accessibilityLabel={undefined}
      accessibilityTraits={undefined}
      accessible={true}
      hasTVPreferredFocus={undefined}
      hitSlop={undefined}
      isTVSelectable={true}
      onLayout={undefined}
      onResponderGrant={[Function]}
      onResponderMove={[Function]}
      onResponderRelease={[Function]}
      onResponderTerminate={[Function]}
      onResponderTerminationRequest={[Function]}
      onStartShouldSetResponder={[Function]}
      style={
        Array [
          Object {
            "backgroundColor": "transparent",
          },
          Object {
            "alignItems": "center",
            "alignSelf": "flex-end",
            "backgroundColor": "orange",
            "borderRadius": 3,
            "flex": 1,
            "height": 40,
            "justifyContent": "center",
            "margin": 10,
            "padding": 5,
          },
        ]
      }
      testID={undefined}
      tvParallaxProperties={undefined}
    >
      <Text
        accessible={true}
        allowFontScaling={true}
        ellipsizeMode="tail"
      >
        Switch
      </Text>
    </View>
  </View>
</View>
`;
